
          -------------------------------------------------------
          Amber 24 SANDER                              2024
          -------------------------------------------------------

| Run on 06/01/2026 at 14:09:20

|   Executable path: /Users/af25016/Software/ambertools25/bin/sander
| Working directory: /Users/af25016/projects/meze/data/qmmm/mII/01_qm_min
|          Hostname: Unknown
  [-O]verwriting output

File Assignments:
|  MDIN: 01_qm_min.cfg                                                         
| MDOUT: 01_qm_min.out                                                         
|INPCRD: 01_qm_min.rst7                                                        
|  PARM: 01_qm_min.prm7                                                        
|RESTRT: 01_qm_min.crd                                                         
|  REFC: refc                                                                  
| MDVEL: mdvel                                                                 
| MDFRC: mdfrc                                                                 
|  MDEN: mden                                                                  
| MDCRD: mdcrd                                                                 
|MDINFO: 01_qm_min.nrg                                                         
|  MTMD: mtmd                                                                  
|INPDIP: inpdip                                                                
|RSTDIP: rstdip                                                                
|INPTRA: inptraj                                                               


 Here is the input file:

Minimisation                                                                   
&cntrl                                                                         
   ntpr=50,                                                                    
   ntwx=50,                                                                    
   ntxo=2,                                                                     
   irest=0,                                                                    
   ntx=1,                                                                      
   imin=1,                                                                     
   ntmin=1,                                                                    
   maxcyc=10,                                                                  
   ncyc=1000,                                                                  
   cut=12.0,                                                                   
   iwrap=0,                                                                    
   ifqnt=1,                                                                    
   ntc=1,                                                                      
   ntf=1,                                                                      
   ig=-1,                                                                      
/                                                                              
&qmmm                                                                          
  qmmask=':1015,1022|(@16186,16248-16251,2837-2842,1002-1007,7207-7217,971-981)'
  writepdb=1                                                                   
  qmcharge=0                                                                   
  qm_theory='DFTB3'                                                            
  qmshake=0                                                                    
  qm_ewald=1                                                                   
  qm_pme=1                                                                     
/                                                                              
&wt TYPE='END' /                                                               

--------------------------------------------------------------------------------
   1.  RESOURCE   USE: 
--------------------------------------------------------------------------------

| Flags:                                                                        
 getting new box info from bottom of inpcrd
|  INFO: Old style inpcrd file read

| peek_ewald_inpcrd: Box info found
|Largest sphere to fit in unit cell has radius =    47.744
| New format PARM file being parsed.
| Version =    1.000 Date = 06/01/26 Time = 14:09:14
 NATOM  =  101086 NTYPES =      22 NBONH =   71616 MBONA  =   29700
 NTHETH =   18355 MTHETA =   11583 NPHIH =   34136 MPHIA  =   23817
 NHPARM =       0 NPARM  =       0 NNB   =  238280 NRES   =   22213
 NBONA  =   29700 NTHETA =   11583 NPHIA =   23817 NUMBND =      43
 NUMANG =      58 NPTRA  =     261 NATYP =      47 NPHB   =       0
 IFBOX  =       1 NMXRS  =      28 IFCAP =       0 NEXTRA =   21183
 NCOPY  =       0

| CMAP information read from topology file: 

|     Memory Use     Allocated
|     Real             8799311
|     Hollerith         325473
|     Integer          5576238
|     Max Pairs      110951993
|     nblistReal       1213032
|     nblist Int       3738937
|       Total           549286 kbytes

| Note: 1-4 EEL scale factors are being read from the topology file.

| Note: 1-4 VDW scale factors are being read from the topology file.
| Duplicated    0 dihedrals
| Duplicated    0 dihedrals
|CMAP: Reticulating splines.
LOADING THE QUANTUM ATOMS AS GROUPS
     Mask :1015,1022|(@16186,16248-16251,2837-2842,1002-1007,7207-7217,971-981); matches    89 atoms

     BOX TYPE: RECTILINEAR
Note: ig = -1. Setting random seed to   787001 based on wallclock time in microseconds.

--------------------------------------------------------------------------------
   2.  CONTROL  DATA  FOR  THE  RUN
--------------------------------------------------------------------------------

default_name                                                                    

General flags:
     imin    =       1, nmropt  =       0

Nature and format of input:
     ntx     =       1, irest   =       0, ntrx    =       1

Nature and format of output:
     ntxo    =       2, ntpr    =      50, ntrx    =       1, ntwr    =       1
     iwrap   =       0, ntwx    =      50, ntwv    =       0, ntwe    =       0
     ioutfm  =       1, ntwprt  =       0, idecomp =       0, rbornstat=      0

Potential function:
     ntf     =       1, ntb     =       1, igb     =       0, nsnb    =      25
     ipol    =       0, gbsa    =       0, iesp    =       0
     dielc   =   1.00000, cut     =  12.00000, intdiel =   1.00000

Frozen or restrained atoms:
     ibelly  =       0, ntr     =       0

Energy minimization:
     maxcyc  =      10, ncyc    =    1000, ntmin   =       1
     dx0     =   0.01000, drms    =   0.00010

Extra-points options:
     frameon =       1, chngmask=       1

Ewald parameters:
     verbose =       0, ew_type =       0, nbflag  =       1, use_pme =       1
     vdwmeth =       1, eedmeth =       1, netfrc  =       0
     Box X =  120.144   Box Y =  104.872   Box Z =   95.488
     Alpha =   90.000   Beta  =   90.000   Gamma =   90.000
     NFFT1 =  120       NFFT2 =  108       NFFT3 =   96
     Cutoff=   12.000   Tol   =0.100E-04
     Ewald Coefficient =  0.22664
     Interpolation order =    4

QMMM options:
             ifqnt = True       nquant =       89
              qmgb =        0  qmcharge =        0   adjust_q =        2
              spin =        1     qmcut =  12.0000    qmshake =        0
          qmmm_int =        1
     lnk_atomic_no =        1   lnk_dis =   1.0900 lnk_method =        1
          qm_theory =    DFTB verbosity =        0
            qmqmdx = Analytical
      tight_p_conv = False (converge density to 0.05xSqrt[SCFCRT])
           scfconv = 0.100E-07  itrmax =     1000
      printcharges = False      printdipole = False      peptide_corr = False
    qmmmrij_incore = False
  qmqm_erep_incore = False
       pseudo_diag = False
      diag_routine =        0
          qm_ewald =        1 qm_pme = True 
            kmaxqx =    8 kmaxqy =    8 kmaxqz =    8 ksqmaxq =  100
|      EXTRA_PTS, trim_bonds: num bonds BEFORE trim = 71616     0
|      EXTRA_PTS, trim_bonds: num bonds AFTER  trim = 71616     0
|      EXTRA_PTS, trim_bonds: num bonds BEFORE trim = 29700     0
|      EXTRA_PTS, trim_bonds: num bonds AFTER  trim =  8517     0
|      EXTRA_PTS, trim_theta: num angle BEFORE trim = 18355     0
|      EXTRA_PTS, trim_theta: num angle AFTER  trim = 18355     0
|      EXTRA_PTS, trim_theta: num angle BEFORE trim = 11583     0
|      EXTRA_PTS, trim_theta: num angle AFTER  trim = 11583     0
|      EXTRA_PTS, trim_phi:  num diheds BEFORE trim = 34136     0
|      EXTRA_PTS, trim_phi:  num diheds AFTER  trim = 34136     0
|      EXTRA_PTS, trim_phi:  num diheds BEFORE trim = 23817     0
|      EXTRA_PTS, trim_phi:  num diheds AFTER  trim = 23817     0

--------------------------------------------------------------------------------
   3.  ATOMIC COORDINATES AND VELOCITIES
--------------------------------------------------------------------------------

default_name                                                                    
 begin time read from input coords =     0.000 ps

 Number of triangulated 3-point waters found:    21183

     Sum of charges from parm topology file =   0.00011573
     Forcing neutrality...
QMMM: ADJUSTING CHARGES
QMMM: ----------------------------------------------------------------------
QMMM: adjust_q = 2
QMMM: Uniformly adjusting the charge of MM atoms to conserve total charge.
QMMM:                             qm_charge =    0
QMMM: QM atom RESP charge sum (inc MM link) =    0.189
QMMM: Adjusting each MM atom resp charge by =    0.000
QMMM:          Sum of MM + QM region is now =   -0.000
QMMM: ----------------------------------------------------------------------
 ---------------------------------------------------
 APPROXIMATING switch and d/dx switch using CUBIC SPLINE INTERPOLATION
 using   5000.0 points per unit in tabled values
 TESTING RELATIVE ERROR over r ranging from 0.0 to cutoff
| CHECK switch(x): max rel err =   0.3338E-14   at   2.509280
| CHECK d/dx switch(x): max rel err =   0.8105E-11   at   2.712040
 ---------------------------------------------------
| Local SIZE OF NONBOND LIST =   48580672
| TOTAL SIZE OF NONBOND LIST =   48580672

QMMM: Link Atom Information
QMMM: ------------------------------------------------------------------------
QMMM:  nlink =     6                   Link Coords              Resp Charges
QMMM:    MM(typ)  -  QM(typ)      X         Y         Z         MM        QM
QMMM:   969 XC      971 CT      -8.240     6.182     1.719     0.019    -0.046
QMMM:  1000 XC     1002 2C      -3.670    10.941     2.587     0.038    -0.030
QMMM:  2697 N     16158 Cg       6.985   -14.781     1.928    -0.694     0.287
QMMM:  2835 XC     2837 2C      -8.876    10.327    -4.726     0.038    -0.030
QMMM:  7205 XC     7207 CT      -2.458    13.160    -5.088     0.019    -0.046
QMMM: 16246 Cg    16248 Cg     -12.009    15.657     2.308     0.276     0.266
QMMM: ------------------------------------------------------------------------

  QMMM: QM Region Cartesian Coordinates (*=link atom) 
  QMMM: QM_NO.   MM_NO.  ATOM         X         Y         Z
  QMMM:     1      971      C       -8.6360    6.6785    0.8335
  QMMM:     2      972      H       -8.9350    5.9945    0.0345
  QMMM:     3      973      H       -9.5460    7.1165    1.2585
  QMMM:     4      974      C       -7.7710    7.7105    0.2435
  QMMM:     5      975      N       -6.4060    7.5555    0.0765
  QMMM:     6      976      H       -5.8650    6.7375    0.2925
  QMMM:     7      977      C       -5.9320    8.8145   -0.1415
  QMMM:     8      978      H       -4.8610    8.9085   -0.2285
  QMMM:     9      979      N       -6.9130    9.7525   -0.2315
  QMMM:    10      980      C       -8.0740    9.0605    0.0495
  QMMM:    11      981      H       -9.0240    9.5615    0.1445
  QMMM:    12     1002      C       -4.1140   11.9355    2.5515
  QMMM:    13     1003      H       -4.1950   12.2505    3.5895
  QMMM:    14     1004      H       -3.4900   12.6425    2.0175
  QMMM:    15     1005      C       -5.4700   11.9795    1.8565
  QMMM:    16     1006      O       -5.6530   12.0755    0.6115
  QMMM:    17     1007      O       -6.4890   12.0085    2.6205
  QMMM:    18     2837      C       -8.6200   10.2675   -3.6685
  QMMM:    19     2838      H       -9.2460    9.5255   -3.1835
  QMMM:    20     2839      H       -7.6180    9.9385   -3.4045
  QMMM:    21     2840      C       -8.9030   11.5815   -2.9365
  QMMM:    22     2841      O       -7.9610   11.9415   -2.1245
  QMMM:    23     2842      O       -9.8210   12.3365   -3.1805
  QMMM:    24     7207      C       -3.4120   12.7135   -5.3685
  QMMM:    25     7208      H       -4.0200   13.5695   -5.6605
  QMMM:    26     7209      H       -3.3810   12.0495   -6.2235
  QMMM:    27     7210      C       -4.0970   12.0305   -4.2525
  QMMM:    28     7211      N       -4.1200   10.7185   -4.0115
  QMMM:    29     7212      H       -3.4900    9.9815   -4.2845
  QMMM:    30     7213      C       -4.9090   10.5305   -2.8905
  QMMM:    31     7214      H       -4.9420    9.6405   -2.2905
  QMMM:    32     7215      N       -5.3770   11.6905   -2.3685
  QMMM:    33     7216      C       -4.8960   12.6625   -3.3135
  QMMM:    34     7217      H       -5.1750   13.7055   -3.3985
  QMMM:    35    16158      C        7.5840  -15.2055    2.7335
  QMMM:    36    16159      H        7.0560  -15.8715    3.4165
  QMMM:    37    16160      O        7.9140  -14.0365    3.4885
  QMMM:    38    16161      C        8.7780  -14.3195    4.7065
  QMMM:    39    16162      H        8.1750  -14.9875    5.3135
  QMMM:    40    16163      C        9.0120  -13.0205    5.4695
  QMMM:    41    16164      H        9.2770  -12.1785    4.8295
  QMMM:    42    16165      H        9.7930  -13.1555    6.2235
  QMMM:    43    16166      O        7.8130  -12.6845    6.1645
  QMMM:    44    16167      H        7.2740  -12.1485    5.5775
  QMMM:    45    16168      C       10.0300  -15.1245    4.4605
  QMMM:    46    16169      H       10.7050  -14.3435    4.0985
  QMMM:    47    16170      O       10.4420  -15.6415    5.7405
  QMMM:    48    16171      H       11.1620  -15.0655    6.0225
  QMMM:    49    16172      C        9.8210  -16.2535    3.4985
  QMMM:    50    16173      H        9.2610  -17.0805    3.9465
  QMMM:    51    16174      O       11.1620  -16.8225    3.1275
  QMMM:    52    16175      H       11.5730  -17.1115    3.9405
  QMMM:    53    16176      C        8.9290  -15.8455    2.2515
  QMMM:    54    16177      H        9.5340  -15.1195    1.7045
  QMMM:    55    16178      N        8.7410  -17.0425    1.3895
  QMMM:    56    16179      H        8.0560  -17.7465    1.6255
  QMMM:    57    16180      C        9.4790  -17.3275    0.3595
  QMMM:    58    16181      O        9.2640  -18.3125   -0.2915
  QMMM:    59    16182      C       10.6020  -16.3115   -0.1925
  QMMM:    60    16183      H       11.0440  -15.6865    0.5865
  QMMM:    61    16184      H       11.4420  -16.8705   -0.6015
  QMMM:    62    16185      H       10.1920  -15.6435   -0.9565
  QMMM:    63    16186      Zn      -6.6790   12.2215   -0.9395
  QMMM:    64    16248      C      -11.1360   16.2705    2.0845
  QMMM:    65    16249      H      -11.3460   16.8545    1.1825
  QMMM:    66    16250      H      -11.0140   16.9995    2.8845
  QMMM:    67    16251      O       -9.8380   15.4835    1.8675
  QMMM:    68    16278      C       -9.7490   14.5715    0.7685
  QMMM:    69    16279      H      -10.4590   13.7505    0.8945
  QMMM:    70    16280      C       -8.3340   13.9815    0.6945
  QMMM:    71    16281      H       -7.8970   13.8715    1.6855
  QMMM:    72    16282      C       -7.3360   14.8945   -0.1255
  QMMM:    73    16283      H       -6.7630   15.5515    0.5335
  QMMM:    74    16284      C       -7.8810   15.9195   -1.1785
  QMMM:    75    16285      H       -8.0850   15.3915   -2.1145
  QMMM:    76    16286      C       -9.1890   16.4685   -0.7915
  QMMM:    77    16287      H       -9.1940   17.0555    0.1215
  QMMM:    78    16288      C       -9.9020   17.3135   -1.8645
  QMMM:    79    16289      H       -9.4590   18.3125   -1.9145
  QMMM:    80    16290      H       -9.6860   16.8545   -2.8285
  QMMM:    81    16291      O      -11.3400   17.5125   -1.7775
  QMMM:    82    16292      H      -11.5730   18.2165   -1.1645
  QMMM:    83    16293      O      -10.1170   15.3355   -0.5095
  QMMM:    84    16294      O       -7.0340   17.0755   -1.2165
  QMMM:    85    16295      H       -6.1590   16.7365   -1.4005
  QMMM:    86    16296      O       -6.4830   14.0455   -0.8875
  QMMM:    87    16297      H       -5.6510   14.5315   -0.9475
  QMMM:    88    16298      O       -8.3630   12.5705    0.2505
  QMMM:    89    16299      H       -8.9210   12.1125    0.8915
  QMMM:    90              *H       -8.2398    6.1819    1.7192
  QMMM:    91              *H       -3.6696   10.9408    2.5865
  QMMM:    92              *H        6.9847  -14.7813    1.9279
  QMMM:    93              *H       -8.8765   10.3274   -4.7262
  QMMM:    94              *H       -2.4583   13.1603   -5.0875
  QMMM:    95              *H      -12.0091   15.6573    2.3077

--------------------------------------------------------------------------------
  3.1 QM CALCULATION INFO
--------------------------------------------------------------------------------

| QMMM: Citation for AMBER QMMM Run:
| QMMM: R.C. Walker, M.F. Crowley and D.A. Case, J. COMP. CHEM. 29:1019, 2008

| QMMM: DFTB Calculation - Additional citation for AMBER DFTB QMMM Run:
| QMMM:   Seabra, G.M., Walker, R.C. et al., J. PHYS. CHEM. A., 111, 5655, (2007)

| QMMM: DFTB3 - Additional citation to follow. Implementation by:
| QMMM:   A.W. Goetz
| QMMM:
| QMMM: DFTB3 method citation: 
| QMMM:   M. Gaus, Q. Cui, M. Elstner, J. CHEM. THEORY COMPUT. 7, 931 (2011)
| QMMM:
| QMMM: DFTB3 dispersion correction [D3(BJ)] and halogen correction not available.

| QMMM: Please cite also the appropriate references for the DFTB parameters
| QMMM: that you are using (see the manual and www.dftb.org).


QMMM: SINGLET STATE CALCULATION
QMMM: RHF CALCULATION, NO. OF DOUBLY OCCUPIED LEVELS =136
 DFTB: Number of atom types =    5

 Parameter files:
     TYP (AT)  TYP (AT)     SK integral FILE
|  1  1  (C )   1  (C )     /Users/af25016/Software/ambertools25/dat/slko/3ob-3-1/C-C.skf
|  2  1  (C )   2  (H )     /Users/af25016/Software/ambertools25/dat/slko/3ob-3-1/C-H.skf
|  3  1  (C )   3  (N )     /Users/af25016/Software/ambertools25/dat/slko/3ob-3-1/C-N.skf
|  4  1  (C )   4  (O )     /Users/af25016/Software/ambertools25/dat/slko/3ob-3-1/C-O.skf
|  5  1  (C )   5  (Zn)     /Users/af25016/Software/ambertools25/dat/slko/3ob-3-1/C-Zn.skf
|  6  2  (H )   1  (C )     /Users/af25016/Software/ambertools25/dat/slko/3ob-3-1/H-C.skf
|  7  2  (H )   2  (H )     /Users/af25016/Software/ambertools25/dat/slko/3ob-3-1/H-H.skf
|  8  2  (H )   3  (N )     /Users/af25016/Software/ambertools25/dat/slko/3ob-3-1/H-N.skf
|  9  2  (H )   4  (O )     /Users/af25016/Software/ambertools25/dat/slko/3ob-3-1/H-O.skf
| 10  2  (H )   5  (Zn)     /Users/af25016/Software/ambertools25/dat/slko/3ob-3-1/H-Zn.skf
| 11  3  (N )   1  (C )     /Users/af25016/Software/ambertools25/dat/slko/3ob-3-1/N-C.skf
| 12  3  (N )   2  (H )     /Users/af25016/Software/ambertools25/dat/slko/3ob-3-1/N-H.skf
| 13  3  (N )   3  (N )     /Users/af25016/Software/ambertools25/dat/slko/3ob-3-1/N-N.skf
| 14  3  (N )   4  (O )     /Users/af25016/Software/ambertools25/dat/slko/3ob-3-1/N-O.skf
| 15  3  (N )   5  (Zn)     /Users/af25016/Software/ambertools25/dat/slko/3ob-3-1/N-Zn.skf
| 16  4  (O )   1  (C )     /Users/af25016/Software/ambertools25/dat/slko/3ob-3-1/O-C.skf
| 17  4  (O )   2  (H )     /Users/af25016/Software/ambertools25/dat/slko/3ob-3-1/O-H.skf
| 18  4  (O )   3  (N )     /Users/af25016/Software/ambertools25/dat/slko/3ob-3-1/O-N.skf
| 19  4  (O )   4  (O )     /Users/af25016/Software/ambertools25/dat/slko/3ob-3-1/O-O.skf
| 20  4  (O )   5  (Zn)     /Users/af25016/Software/ambertools25/dat/slko/3ob-3-1/O-Zn.skf
| 21  5  (Zn)   1  (C )     /Users/af25016/Software/ambertools25/dat/slko/3ob-3-1/Zn-C.skf
| 22  5  (Zn)   2  (H )     /Users/af25016/Software/ambertools25/dat/slko/3ob-3-1/Zn-H.skf
| 23  5  (Zn)   3  (N )     /Users/af25016/Software/ambertools25/dat/slko/3ob-3-1/Zn-N.skf
| 24  5  (Zn)   4  (O )     /Users/af25016/Software/ambertools25/dat/slko/3ob-3-1/Zn-O.skf
| 25  5  (Zn)   5  (Zn)     /Users/af25016/Software/ambertools25/dat/slko/3ob-3-1/Zn-Zn.skf

QMMM: Hubbard Derivatives dU/dq:
QMMM:   C    -0.149200
QMMM:   H    -0.185700
QMMM:   N    -0.153500
QMMM:   O    -0.157500
QMMM:   Zn   -0.030000

QMMM: zeta =   4.000000

| QMMM: Estimated QM Dynamic Memory Usage (per thread)
| QMMM: ---------------------------------------------------
| QMMM:              QM Atom Type Info :         1448 bytes
| QMMM:         QM RESP Charge Storage :          712 bytes
| QMMM:            QM Atom Number List :          380 bytes
| QMMM:                Link Atom Pairs :          240 bytes
| QMMM:          QM Atomic Number List :          380 bytes
| QMMM:                QM-MM Pair List :       403992 bytes
| QMMM:                   QM Atom Mask :       202172 bytes
| QMMM:           QM Coordinate Arrays :      3237032 bytes
| QMMM:         Scaled MM Charge Array :       808688 bytes
| QMMM:    SCF Mulliken Charge Storage :          760 bytes
| QMMM:                QM Ewald Arrays :      8762688 bytes
| QMMM:                QM Force Arrays :      2428344 bytes
| QMMM:                 Density Matrix :       229440 bytes
| QMMM:          Density Matrix Copies :       231352 bytes
| QMMM: Fock2 Density Matrix Workspace :        12160 bytes
| QMMM:                    Fock Matrix :       229440 bytes
| QMMM:           Eigen Vector Storage :            0 bytes
| QMMM: QM-QM Elec Repulsion Integrals :            0 bytes
| QMMM:  QM 2-Elec Repulsion Integrals :      1091528 bytes
| QMMM:              1-Electron Matrix :       229440 bytes
| QMMM:       _REAL_ parameter storage :        12760 bytes
| QMMM:      integer parameter storage :         3052 bytes
| QMMM:         QM-MM RIJ Eqns storage :            0 bytes
| QMMM:          _REAL_ Scratch arrays :      3234752 bytes
| QMMM:         Integer Scratch arrays :      1213032 bytes
| QMMM: ---------------------------------------------------
| QMMM:        Total Dynamic Memory Usage:     21.299 Mb

--------------------------------------------------------------------------------
   4.  RESULTS
--------------------------------------------------------------------------------


 QMMM SCC-DFTB: !!!! ============= WARNING ============= !!!!
 QMMM SCC-DFTB: Convergence could not be achieved in this step.
 QMMM SCC-DFTB: The calculation will continue, but energies and 
 QMMM SCC-DFTB: forces for this step will not be accurate. 


   NSTEP       ENERGY          RMS            GMAX         NAME    NUMBER
      1       2.7599E+05     9.8348E+01     2.4452E+02     H1      80544

 BOND    =   409089.2266  ANGLE   =     8588.4525  DIHED      =     5948.2622
 VDWAALS =   -25350.2958  EEL     =  -166195.6399  HBOND      =        0.0000
 1-4 VDW =     3671.6802  1-4 EEL =    38321.1506  RESTRAINT  =        0.0000
 DFTBESCF=     1111.0092
 CMAP    =      810.2284

 QMMM SCC-DFTB: !!!! ============= WARNING ============= !!!!
 QMMM SCC-DFTB: Convergence could not be achieved in this step.
 QMMM SCC-DFTB: The calculation will continue, but energies and 
 QMMM SCC-DFTB: forces for this step will not be accurate. 

 QMMM SCC-DFTB: !!!! ============= WARNING ============= !!!!
 QMMM SCC-DFTB: Convergence could not be achieved in this step.
 QMMM SCC-DFTB: The calculation will continue, but energies and 
 QMMM SCC-DFTB: forces for this step will not be accurate. 

 QMMM SCC-DFTB: !!!! ============= WARNING ============= !!!!
 QMMM SCC-DFTB: Convergence could not be achieved in this step.
 QMMM SCC-DFTB: The calculation will continue, but energies and 
 QMMM SCC-DFTB: forces for this step will not be accurate. 

 QMMM SCC-DFTB: !!!! ============= WARNING ============= !!!!
 QMMM SCC-DFTB: Convergence could not be achieved in this step.
 QMMM SCC-DFTB: The calculation will continue, but energies and 
 QMMM SCC-DFTB: forces for this step will not be accurate. 

 QMMM SCC-DFTB: !!!! ============= WARNING ============= !!!!
 QMMM SCC-DFTB: Convergence could not be achieved in this step.
 QMMM SCC-DFTB: The calculation will continue, but energies and 
 QMMM SCC-DFTB: forces for this step will not be accurate. 

 QMMM SCC-DFTB: !!!! ============= WARNING ============= !!!!
 QMMM SCC-DFTB: Convergence could not be achieved in this step.
 QMMM SCC-DFTB: The calculation will continue, but energies and 
 QMMM SCC-DFTB: forces for this step will not be accurate. 

 QMMM SCC-DFTB: !!!! ============= WARNING ============= !!!!
 QMMM SCC-DFTB: Convergence could not be achieved in this step.
 QMMM SCC-DFTB: The calculation will continue, but energies and 
 QMMM SCC-DFTB: forces for this step will not be accurate. 

 QMMM SCC-DFTB: !!!! ============= WARNING ============= !!!!
 QMMM SCC-DFTB: Convergence could not be achieved in this step.
 QMMM SCC-DFTB: The calculation will continue, but energies and 
 QMMM SCC-DFTB: forces for this step will not be accurate. 

 QMMM SCC-DFTB: !!!! ============= WARNING ============= !!!!
 QMMM SCC-DFTB: Convergence could not be achieved in this step.
 QMMM SCC-DFTB: The calculation will continue, but energies and 
 QMMM SCC-DFTB: forces for this step will not be accurate. 


  Maximum number of minimization cycles reached.

 QMMM SCC-DFTB: !!!! ============= WARNING ============= !!!!
 QMMM SCC-DFTB: Convergence could not be achieved in this step.
 QMMM SCC-DFTB: The calculation will continue, but energies and 
 QMMM SCC-DFTB: forces for this step will not be accurate. 


                    FINAL RESULTS



   NSTEP       ENERGY          RMS            GMAX         NAME    NUMBER
     10       2.7019E+05     9.7745E+01     4.8274E+02     O2N     16181

 BOND    =   403724.6650  ANGLE   =     8577.2473  DIHED      =     5946.8789
 VDWAALS =   -25350.6460  EEL     =  -166431.2990  HBOND      =        0.0000
 1-4 VDW =     3671.3418  1-4 EEL =    38321.1380  RESTRAINT  =        0.0000
 DFTBESCF=      916.7364
 CMAP    =      810.1815

--------------------------------------------------------------------------------
   5.  TIMINGS
--------------------------------------------------------------------------------

|    Read coords time           0.02 ( 0.02% of Total)
|                Build the list             1.83 (99.77% of List )
|                Other                      0.00 ( 0.23% of List )
|             List time                  1.84 (29.34% of Nonbo)
|                   Short_ene time             3.52 (99.66% of Direc)
|                   Other                      0.01 ( 0.34% of Direc)
|                Direct Ewald time          3.53 (79.79% of Ewald)
|                Adjust Ewald time          0.02 ( 0.35% of Ewald)
|                   Fill Bspline coeffs        0.03 ( 3.63% of Recip)
|                   Fill charge grid           0.19 (21.87% of Recip)
|                   Scalar sum                 0.13 (15.12% of Recip)
|                   Grad sum                   0.17 (19.22% of Recip)
|                   FFT time                   0.34 (39.78% of Recip)
|                   Other                      0.00 ( 0.38% of Recip)
|                Recip Ewald time           0.87 (19.57% of Ewald)
|                Virial junk                0.00 ( 0.03% of Ewald)
|                Other                      0.01 ( 0.26% of Ewald)
|             Ewald time                 4.43 (70.66% of Nonbo)
|          Nonbond force              6.27 ( 4.83% of Force)
|                QMMM ewald setup           0.00 ( 0.03% of QMMM )
|                Other                      0.07 (100.0% of QMMM )
|             QMMM setup                 0.07 ( 0.06% of QMMM )
|             QMMM Ewald KTable          0.04 ( 0.03% of QMMM )
|             QMMM list build            0.03 ( 0.02% of QMMM )
|             QMMM prep coords           0.01 ( 0.01% of QMMM )
|                   QMMM full matrix dia     111.22 (90.66% of QMMM )
|                   Other                     11.45 ( 9.34% of QMMM )
|                QMMM scf                 122.67 (99.88% of QMMM )
|                QMMM ewald energy          0.02 ( 0.02% of QMMM )
|                Other                      0.13 ( 0.10% of QMMM )
|             QMMM energy              122.82 (99.44% of QMMM )
|                QMMM DFTB Repul Grad       0.00 ( 0.21% of QMMM )
|                QMMM DFTB Hzero Grad       0.12 (97.18% of QMMM )
|                QMMM DFTB Gamma Grad       0.00 ( 2.61% of QMMM )
|                Other                      0.00 ( 0.01% of QMMM )
|             QMMM QM-QM force           0.12 ( 0.10% of QMMM )
|             QMMM QM-MM force           0.02 ( 0.01% of QMMM )
|             QMMM Ewald force           0.40 ( 0.32% of QMMM )
|          QMMM                     123.51 (95.14% of Force)
|          Bond/Angle/Dihedral        0.04 ( 0.03% of Force)
|       Force time               129.82 (100.0% of Runmd)
|    Runmd Time               129.82 (99.64% of Total)
|    Other                      0.45 ( 0.34% of Total)
| Total time               130.29 (100.0% of ALL  )

| Number of list builds   :          1

| Highest rstack allocated:    5338504
| Highest istack allocated:     101086
|           Job began  at 14:09:20.407  on 06/01/2026
|           Setup done at 14:09:20.854  on 06/01/2026
|           Run   done at 14:11:30.697  on 06/01/2026
|     wallclock() was called   24447 times

|3D-RISM memory allocation summary
|Type          Maximum        Current   
|Integer       0.00000 GB     0.00000 GB
|Real          0.00000 GB     0.00000 GB
|Logical       0.00000 GB     0.00000 GB
|Character     0.00000 GB     0.00000 GB
|---------------------------------------
|Total         0.00000 GB     0.00000 GB
