-I: Adding /Users/af25016/Software/ambertools25/dat/leap/prep to search path.
-I: Adding /Users/af25016/Software/ambertools25/dat/leap/lib to search path.
-I: Adding /Users/af25016/Software/ambertools25/dat/leap/parm to search path.
-I: Adding /Users/af25016/Software/ambertools25/dat/leap/cmd to search path.
-s: Ignoring all leaprc startup files.
-f: Source /Users/af25016/projects/meze/data/outputs/hybrid_model/vim2/ligand_11/03_averaged_charges/vim2_ligand_11_tleap.in.

Welcome to LEaP!
Sourcing: /Users/af25016/projects/meze/data/outputs/hybrid_model/vim2/ligand_11/03_averaged_charges/vim2_ligand_11_tleap.in
----- Source: /Users/af25016/Software/ambertools25/dat/leap/cmd/leaprc.gaff2
----- Source of /Users/af25016/Software/ambertools25/dat/leap/cmd/leaprc.gaff2 done
Log file: ./leap.log
Loading parameters: /Users/af25016/Software/ambertools25/dat/leap/parm/gaff2.dat
Reading title:
AMBER General Force Field for organic molecules (Version 2.2.20, March 2021)
----- Source: /Users/af25016/Software/ambertools25/dat/leap/cmd/oldff/leaprc.ff14SB
----- Source of /Users/af25016/Software/ambertools25/dat/leap/cmd/oldff/leaprc.ff14SB done
Log file: ./leap.log
Loading parameters: /Users/af25016/Software/ambertools25/dat/leap/parm/parm10.dat
Reading title:
PARM99 + frcmod.ff99SB + frcmod.parmbsc0 + OL3 for RNA
Loading parameters: /Users/af25016/Software/ambertools25/dat/leap/parm/frcmod.ff14SB
Reading force field modification type file (frcmod)
Reading title:
ff14SB protein backbone and sidechain parameters
Loading library: /Users/af25016/Software/ambertools25/dat/leap/lib/amino12.lib
Loading library: /Users/af25016/Software/ambertools25/dat/leap/lib/aminoct12.lib
Loading library: /Users/af25016/Software/ambertools25/dat/leap/lib/aminont12.lib
Loading library: /Users/af25016/Software/ambertools25/dat/leap/lib/nucleic12.lib
Loading library: /Users/af25016/Software/ambertools25/dat/leap/lib/atomic_ions.lib
Loading library: /Users/af25016/Software/ambertools25/dat/leap/lib/solvents.lib
----- Source: /Users/af25016/Software/ambertools25/dat/leap/cmd/leaprc.water.tip3p
----- Source of /Users/af25016/Software/ambertools25/dat/leap/cmd/leaprc.water.tip3p done
Loading library: /Users/af25016/Software/ambertools25/dat/leap/lib/atomic_ions.lib
Loading library: /Users/af25016/Software/ambertools25/dat/leap/lib/solvents.lib
Loading parameters: /Users/af25016/Software/ambertools25/dat/leap/parm/frcmod.tip3p
Reading force field modification type file (frcmod)
Reading title:
This is the additional/replacement parameter set for TIP3P water
Loading parameters: /Users/af25016/Software/ambertools25/dat/leap/parm/frcmod.ions1lm_126_tip3p
Reading force field modification type file (frcmod)
Reading title:
Li/Merz ion parameters of monovalent ions for TIP3P water model (12-6 normal usage set)
Loading parameters: /Users/af25016/Software/ambertools25/dat/leap/parm/frcmod.ionsjc_tip3p
Reading force field modification type file (frcmod)
Reading title:
Monovalent ion parameters for Ewald and TIP3P water from Joung & Cheatham JPCB (2008)
Loading parameters: /Users/af25016/Software/ambertools25/dat/leap/parm/frcmod.ions234lm_126_tip3p
Reading force field modification type file (frcmod)
Reading title:
Li/Merz ion parameters of divalent to tetravalent ions for TIP3P water model (12-6 normal usage set)
Loading Mol2 file: ./HD1.mol2
Reading MOLECULE named HD1
Loading Mol2 file: ./HE1.mol2
Reading MOLECULE named HE1
Loading Mol2 file: ./AP1.mol2
Reading MOLECULE named AP1
Loading Mol2 file: ./HD2.mol2
Reading MOLECULE named HD2
Loading Mol2 file: ./CM1.mol2
Reading MOLECULE named CM1
Loading Mol2 file: ./HD3.mol2
Reading MOLECULE named HD3
Loading Mol2 file: ./ZN1.mol2
Reading MOLECULE named ZN1
Loading Mol2 file: ./ZN2.mol2
Reading MOLECULE named ZN2
Loading Mol2 file: ./ML1.mol2
Reading MOLECULE named ML1
Loading Mol2 file: ./MH1.mol2
Reading MOLECULE named MH1
Loading parameters: ./MOL.frcmod
Reading force field modification type file (frcmod)
Reading title:
Remark line goes here
Loading parameters: ./MOH.frcmod
Reading force field modification type file (frcmod)
Reading title:
Remark line goes here
Loading parameters: /Users/af25016/Software/ambertools25/dat/leap/parm/frcmod.ions1lm_126_tip3p
Reading force field modification type file (frcmod)
Reading title:
Li/Merz ion parameters of monovalent ions for TIP3P water model (12-6 normal usage set)
Loading parameters: ./vim2_ligand_11_mcpbpy.frcmod
Reading force field modification type file (frcmod)
Reading title:
REMARK GOES HERE, THIS FILE IS GENERATED BY MCPB.PY
Loading PDB file: ./vim2_ligand_11_mcpbpy.pdb

/Users/af25016/Software/ambertools25/bin/teLeap: Warning!
One sided connection. Residue (HD1) missing connect0 atom.

/Users/af25016/Software/ambertools25/bin/teLeap: Warning!
One sided connection. Residue (default_name) missing connect1 atom.

/Users/af25016/Software/ambertools25/bin/teLeap: Warning!
One sided connection. Residue (HE1) missing connect0 atom.

/Users/af25016/Software/ambertools25/bin/teLeap: Warning!
One sided connection. Residue (default_name) missing connect1 atom.

/Users/af25016/Software/ambertools25/bin/teLeap: Warning!
One sided connection. Residue (AP1) missing connect0 atom.

/Users/af25016/Software/ambertools25/bin/teLeap: Warning!
One sided connection. Residue (default_name) missing connect1 atom.

/Users/af25016/Software/ambertools25/bin/teLeap: Warning!
One sided connection. Residue (HD2) missing connect0 atom.

/Users/af25016/Software/ambertools25/bin/teLeap: Warning!
One sided connection. Residue (default_name) missing connect1 atom.

/Users/af25016/Software/ambertools25/bin/teLeap: Warning!
One sided connection. Residue (CM1) missing connect0 atom.

/Users/af25016/Software/ambertools25/bin/teLeap: Warning!
One sided connection. Residue (default_name) missing connect1 atom.

/Users/af25016/Software/ambertools25/bin/teLeap: Warning!
One sided connection. Residue (HD3) missing connect0 atom.

/Users/af25016/Software/ambertools25/bin/teLeap: Warning!
One sided connection. Residue (default_name) missing connect1 atom.
  Added missing heavy atom: .R<CSER 232>.A<OXT 12>
  total atoms in file: 4029
  Leap added 1 missing atom according to residue templates:
       1 Heavy
Writing pdb file: vim2_ligand_11_dry.pdb

/Users/af25016/Software/ambertools25/bin/teLeap: Warning!
 Converting N-terminal residue name to PDB format: NGLU -> GLU

/Users/af25016/Software/ambertools25/bin/teLeap: Warning!
 Converting C-terminal residue name to PDB format: CSER -> SER
Checking Unit.

/Users/af25016/Software/ambertools25/bin/teLeap: Warning!
The unperturbed charge of the unit (-11.999999) is not zero.

/Users/af25016/Software/ambertools25/bin/teLeap: Note.
Ignoring the warning from Unit Checking.

Building topology.
Building atom parameters.
Building bond parameters.
Building angle parameters.
Building proper torsion parameters.
Building improper torsion parameters.
 total 724 improper torsions applied
Building H-Bond parameters.
Incorporating Non-Bonded adjustments.
Not Marking per-residue atom chain types.
Marking per-residue atom chain types.
  (Residues lacking connect0/connect1 - 
   these don't have chain types marked:

	res	total affected

	AP1	1
	CM1	1
	CSER	1
	HD1	1
	HD2	1
	HD3	1
	HE1	1
	MH1	1
	ML1	1
	NGLU	1
	WAT	182
  )
 (no restraints)
Scaling up box by a factor of 1.236908 to meet diagonal cut criterion
  Solute vdw bounding box:              56.525 46.431 46.184
  Total bounding box for atom centers:  81.263 81.263 81.263
      (box expansion for 'iso' is  30.8%)
  Solvent unit box:                     18.774 18.774 18.774
  Volume: 278348.696 A^3 (oct)
  Total mass 154353.954 amu,  Density 0.921 g/cc
  Added 6989 residues.
12 Na+ ions required to neutralize.
Adding 12 counter ions to "mol" using 1A grid
Grid extends from solute vdw + 3.47  to  9.47
Resolution:      1.00 Angstrom.
Solvent present: replacing closest with ion
	 when steric overlaps occur
Calculating grid charges
(Replacing solvent molecule)
Placed Na+ in mol at (-13.47, -10.31, 1.09).
(Replacing solvent molecule)
Placed Na+ in mol at (17.90, 1.94, -9.55).
(Replacing solvent molecule)
Placed Na+ in mol at (-6.04, -17.22, 8.07).
(Replacing solvent molecule)
Placed Na+ in mol at (-13.09, 11.89, -23.70).
(Replacing solvent molecule)
Placed Na+ in mol at (2.36, 8.94, -25.32).
(Replacing solvent molecule)
Placed Na+ in mol at (11.35, -18.93, 6.46).
(Replacing solvent molecule)
Placed Na+ in mol at (-19.48, -9.96, -7.65).
(Replacing solvent molecule)
Placed Na+ in mol at (19.28, -7.90, -10.47).
(Replacing solvent molecule)
Placed Na+ in mol at (0.16, 25.68, -2.96).
(Replacing solvent molecule)
Placed Na+ in mol at (-14.29, 20.61, -17.11).
(Replacing solvent molecule)
Placed Na+ in mol at (1.84, -8.30, 30.98).
(Replacing solvent molecule)
Placed Na+ in mol at (-14.42, -7.99, 18.74).

Done adding ions.
 0.000001 0 1 0
0 Cl- ion required to neutralize.
Adding 0 counter ions to "mol" using 1A grid
Writing pdb file: vim2_ligand_11_solv.pdb
   printing CRYST1 record to PDB file with box info

/Users/af25016/Software/ambertools25/bin/teLeap: Warning!
 Converting N-terminal residue name to PDB format: NGLU -> GLU

/Users/af25016/Software/ambertools25/bin/teLeap: Warning!
 Converting C-terminal residue name to PDB format: CSER -> SER
Checking Unit.
Building topology.
Building atom parameters.
Building bond parameters.
Building angle parameters.
Building proper torsion parameters.
Building improper torsion parameters.
 total 724 improper torsions applied
Building H-Bond parameters.
Incorporating Non-Bonded adjustments.
Not Marking per-residue atom chain types.
Marking per-residue atom chain types.
  (Residues lacking connect0/connect1 - 
   these don't have chain types marked:

	res	total affected

	AP1	1
	CM1	1
	CSER	1
	HD1	1
	HD2	1
	HD3	1
	HE1	1
	MH1	1
	ML1	1
	NGLU	1
	WAT	7159
  )
 (no restraints)
	Quit

Exiting LEaP: Errors = 0; Warnings = 17; Notes = 1.
