******************************************************************
*               Welcome to use the MCPB.py program               *
*                          Version 2024                          *
*                       Author: Pengfei Li                       *
*                      Merz Research Group                       *
*                   Michigan State University                    *
*                              AND                               *
*                 Hammes-Schiffer Research Group                 *
*                        Yale University                         *
*                              AND                               *
*                       Li Research Group                        *
*                   Loyola University Chicago                    *
******************************************************************
The input file you are using is : /Users/af25016/projects/meze/data//outputs/hybrid_model/vim2/ligand_11/01_mcpb_parameterisation/mcpbpy.in
>>>>>>>>>>>>>>>>>>>>>>>>>>>>>>>>>>>>>>>>>>>>>>>>>>>>>>>>>>>>>>>>>>
The following is the input variable you have:
The variable ion_ids is :  [3450, 3451]
The variable ion_info is :  []
The variable ion_mol2files is :  ['ZN1.mol2', 'ZN2.mol2']
The variable original_pdb is :  /Users/af25016/projects/meze/data//outputs/hybrid_model/vim2/ligand_11/01_mcpb_parameterisation/vim2_ligand_11.amber.pdb
The variable add_bonded_pairs is :  []
The variable add_redcrd is :  0
The variable additional_resids is :  []
The variable anglefc_avg is :  0
The variable bondfc_avg is :  0
The variable chgfix_resids is :  []
The variable cut_off is :  2.8
The variable force_field is :  ff14SB
The variable frcmod_files is :  ['MOL.frcmod', 'MOH.frcmod']
The variable gaff is :  2
The variable group_name is :  vim2_ligand_11
The variable ion_paraset is :  12_6 (Only for the ions using the nonbonded model).
The variable large_opt is :  1
The variable lgmodel_chg is :  -99
The variable lgmodel_spin is :  -99
             -99 means program will assign a charge automatically.
The variable naa_mol2files is :  ['MOL.mol2', 'MOH.mol2']
The variable scale_factor is :  1.0
             ATTENTION: This is the scale factor of frequency. The 
             force constants will be scaled by multiplying the square
             of scale_factor.
The variable smmodel_chg is :  -99
The variable smmodel_spin is :  -99
             -99 means program will assign a charge automatically.
The variable software_version is :  g16
The variable sqm_opt is :  0
The variable water_model is :  TIP3P
The variable xstru is :  0
******************************************************************
*                                                                *
*===================Generate the Initial frcmod file=============*
*                                                                *
******************************************************************
Atoms which has changed the atom types: [1255, 1288, 1318, 2191, 2458, 3096, 3450, 3451, 3452, 4019]
83-HID@1255-NE2 : NB --> Y1
85-HIE@1288-ND1 : NB --> Y2
87-ASP@1318-OD2 : O2 --> Y5
148-HID@2191-NE2 : NB --> Y3
167-CYM@2458-SG : SH --> Y6
209-HID@3096-NE2 : NB --> Y7
233-ZN@3450-ZN : ZN --> M1
234-ZN@3451-ZN : ZN --> M2
235-MOH@3452-OH : OH --> Y4
418-MOL@4019-O20 : o  --> Y8
******************************************************************
*                                                                *
*===========Using the empirical way to solve the problem=========*
*                                                                *
******************************************************************
=======================Generate the bond parameters===============
For bondtype: M1-Y4. There are 1 bond(s) in this type: 
  The bond length(s) is(are): [1.885]
  The average bond length is: 1.885 Angstrom.
  The force constant(s) is(are): [np.float64(144.2)]
  The average force constant is: 144.2 Kcal*mol^-1*A^-2.
For bondtype: Y1-M1. There are 1 bond(s) in this type: 
  The bond length(s) is(are): [2.051]
  The average bond length is: 2.051 Angstrom.
  The force constant(s) is(are): [np.float64(61.4)]
  The average force constant is: 61.4 Kcal*mol^-1*A^-2.
For bondtype: Y2-M1. There are 1 bond(s) in this type: 
  The bond length(s) is(are): [2.07]
  The average bond length is: 2.07 Angstrom.
  The force constant(s) is(are): [np.float64(54.8)]
  The average force constant is: 54.8 Kcal*mol^-1*A^-2.
For bondtype: Y3-M1. There are 1 bond(s) in this type: 
  The bond length(s) is(are): [2.054]
  The average bond length is: 2.054 Angstrom.
  The force constant(s) is(are): [np.float64(60.4)]
  The average force constant is: 60.4 Kcal*mol^-1*A^-2.
For bondtype: Y5-M2. There are 1 bond(s) in this type: 
  The bond length(s) is(are): [2.354]
  The average bond length is: 2.354 Angstrom.
  The force constant(s) is(are): [np.float64(20.0)]
  The average force constant is: 20.0 Kcal*mol^-1*A^-2.
For bondtype: Y6-M2. There are 1 bond(s) in this type: 
  The bond length(s) is(are): [2.29]
  The average bond length is: 2.29 Angstrom.
  The force constant(s) is(are): [np.float64(74.6)]
  The average force constant is: 74.6 Kcal*mol^-1*A^-2.
For bondtype: Y7-M2. There are 1 bond(s) in this type: 
  The bond length(s) is(are): [2.149]
  The average bond length is: 2.149 Angstrom.
  The force constant(s) is(are): [np.float64(34.1)]
  The average force constant is: 34.1 Kcal*mol^-1*A^-2.
=======================Generate the angle parameters==============
For angletype: CC-Y2-M1. There are 1 angle(s) in this type: 
  The angle value(s) is(are): [126.26]
  The average angle value is: 126.26 Degree.
  The force constant(s) is(are): [50.0]
  The average force constant is: 50.0 Kcal*mol^-1*Rad^-2.
For angletype: CO-Y5-M2. There are 1 angle(s) in this type: 
  The angle value(s) is(are): [135.38]
  The average angle value is: 135.38 Degree.
  The force constant(s) is(are): [50.0]
  The average force constant is: 50.0 Kcal*mol^-1*Rad^-2.
For angletype: CR-Y1-M1. There are 1 angle(s) in this type: 
  The angle value(s) is(are): [118.99]
  The average angle value is: 118.99 Degree.
  The force constant(s) is(are): [50.0]
  The average force constant is: 50.0 Kcal*mol^-1*Rad^-2.
For angletype: CR-Y3-M1. There are 1 angle(s) in this type: 
  The angle value(s) is(are): [128.01]
  The average angle value is: 128.01 Degree.
  The force constant(s) is(are): [50.0]
  The average force constant is: 50.0 Kcal*mol^-1*Rad^-2.
For angletype: CR-Y7-M2. There are 1 angle(s) in this type: 
  The angle value(s) is(are): [132.66]
  The average angle value is: 132.66 Degree.
  The force constant(s) is(are): [50.0]
  The average force constant is: 50.0 Kcal*mol^-1*Rad^-2.
For angletype: CT-Y6-M2. There are 1 angle(s) in this type: 
  The angle value(s) is(are): [106.28]
  The average angle value is: 106.28 Degree.
  The force constant(s) is(are): [70.0]
  The average force constant is: 70.0 Kcal*mol^-1*Rad^-2.
For angletype: M1-Y1-CV. There are 1 angle(s) in this type: 
  The angle value(s) is(are): [129.01]
  The average angle value is: 129.01 Degree.
  The force constant(s) is(are): [50.0]
  The average force constant is: 50.0 Kcal*mol^-1*Rad^-2.
For angletype: M1-Y2-CR. There are 1 angle(s) in this type: 
  The angle value(s) is(are): [123.25]
  The average angle value is: 123.25 Degree.
  The force constant(s) is(are): [50.0]
  The average force constant is: 50.0 Kcal*mol^-1*Rad^-2.
For angletype: M1-Y3-CV. There are 1 angle(s) in this type: 
  The angle value(s) is(are): [121.58]
  The average angle value is: 121.58 Degree.
  The force constant(s) is(are): [50.0]
  The average force constant is: 50.0 Kcal*mol^-1*Rad^-2.
For angletype: M1-Y4-HO. There are 1 angle(s) in this type: 
  The angle value(s) is(are): [180.0]
  The average angle value is: 180.0 Degree.
  The force constant(s) is(are): [50.0]
  The average force constant is: 50.0 Kcal*mol^-1*Rad^-2.
For angletype: M2-Y7-CV. There are 1 angle(s) in this type: 
  The angle value(s) is(are): [117.74]
  The average angle value is: 117.74 Degree.
  The force constant(s) is(are): [50.0]
  The average force constant is: 50.0 Kcal*mol^-1*Rad^-2.
For angletype: Y1-M1-Y2. There are 1 angle(s) in this type: 
  The angle value(s) is(are): [96.87]
  The average angle value is: 96.87 Degree.
  The force constant(s) is(are): [35.0]
  The average force constant is: 35.0 Kcal*mol^-1*Rad^-2.
For angletype: Y1-M1-Y3. There are 1 angle(s) in this type: 
  The angle value(s) is(are): [103.5]
  The average angle value is: 103.5 Degree.
  The force constant(s) is(are): [35.0]
  The average force constant is: 35.0 Kcal*mol^-1*Rad^-2.
For angletype: Y1-M1-Y4. There are 1 angle(s) in this type: 
  The angle value(s) is(are): [112.51]
  The average angle value is: 112.51 Degree.
  The force constant(s) is(are): [35.0]
  The average force constant is: 35.0 Kcal*mol^-1*Rad^-2.
For angletype: Y2-M1-Y3. There are 1 angle(s) in this type: 
  The angle value(s) is(are): [107.94]
  The average angle value is: 107.94 Degree.
  The force constant(s) is(are): [35.0]
  The average force constant is: 35.0 Kcal*mol^-1*Rad^-2.
For angletype: Y2-M1-Y4. There are 1 angle(s) in this type: 
  The angle value(s) is(are): [115.24]
  The average angle value is: 115.24 Degree.
  The force constant(s) is(are): [35.0]
  The average force constant is: 35.0 Kcal*mol^-1*Rad^-2.
For angletype: Y3-M1-Y4. There are 1 angle(s) in this type: 
  The angle value(s) is(are): [118.14]
  The average angle value is: 118.14 Degree.
  The force constant(s) is(are): [35.0]
  The average force constant is: 35.0 Kcal*mol^-1*Rad^-2.
For angletype: Y5-M2-Y6. There are 1 angle(s) in this type: 
  The angle value(s) is(are): [99.64]
  The average angle value is: 99.64 Degree.
  The force constant(s) is(are): [35.0]
  The average force constant is: 35.0 Kcal*mol^-1*Rad^-2.
For angletype: Y5-M2-Y7. There are 1 angle(s) in this type: 
  The angle value(s) is(are): [82.05]
  The average angle value is: 82.05 Degree.
  The force constant(s) is(are): [35.0]
  The average force constant is: 35.0 Kcal*mol^-1*Rad^-2.
For angletype: Y6-M2-Y7. There are 1 angle(s) in this type: 
  The angle value(s) is(are): [103.35]
  The average angle value is: 103.35 Degree.
  The force constant(s) is(are): [35.0]
  The average force constant is: 35.0 Kcal*mol^-1*Rad^-2.
==================================================================
To cite the empirical method please use the following reference:
  Yu, Li, and Merz, J. Chem. Theory Comput., 2018, 14, 242-254.
==================================================================
To cite MCPB.py please use the following reference:
  Pengfei Li and Kenneth M. Merz, Jr., "MCPB.py: A Python Based
  Metal Center Parameter Builder", J. Chem. Inf. Model., 2016,
  56, 599-604.
Helpful tips can be found in the following book chapter:
  Pengfei Li and Kenneth M. Merz, Jr., "Parameterization of a Dioxygen
  Binding Metal Site Using the MCPB.py Program", Methods Mol. Biol.,
  2021, 2199, 257-275.
